// Jest Snapshot v1, https://goo.gl/fbAQLP

exports[`Board Component should render correctly in "debug" mode 1`] = `ShallowWrapper {}`;
