// Jest Snapshot v1, https://goo.gl/fbAQLP

exports[`FieldComponent Component should render correctly in "debug" mode 1`] = `ShallowWrapper {}`;
